MemTotal:        2021744 kB
MemFree:          151584 kB
MemAvailable:     980620 kB
Buffers:           15124 kB
Cached:          1005652 kB
SwapCached:         4640 kB
Active:          1166808 kB
Inactive:         339692 kB
Active(anon):     473160 kB
Inactive(anon):    19948 kB
Active(file):     693648 kB
Inactive(file):   319744 kB
Unevictable:        4060 kB
Mlocked:            4060 kB
SwapTotal:       1516304 kB
SwapFree:        1288208 kB
Dirty:             11864 kB
Writeback:             0 kB
AnonPages:        483476 kB
Mapped:           647600 kB
Shmem:              4244 kB
KReclaimable:      61376 kB
Slab:             149984 kB
SReclaimable:      61376 kB
SUnreclaim:        88608 kB
KernelStack:       23248 kB
PageTables:        64856 kB
SecPageTables:         0 kB
NFS_Unstable:          0 kB
Bounce:                0 kB
WritebackTmp:          0 kB
CommitLimit:     2527176 kB
Committed_AS:   33810376 kB
VmallocTotal:   34359738367 kB
VmallocUsed:       46180 kB
VmallocChunk:          0 kB
Percpu:             1104 kB
AnonHugePages:         0 kB
ShmemHugePages:        0 kB
ShmemPmdMapped:        0 kB
FileHugePages:         0 kB
FilePmdMapped:         0 kB
CmaTotal:              0 kB
CmaFree:               0 kB
DirectMap4k:       48984 kB
DirectMap2M:     2048000 kB
